ds4: Metal device Apple M4 Pro, 48.00 GiB RAM
ds4: drift-patch flags hc_stable=on norm_unify=on kv_raw_f32=off rope_exp2_log2=off math_safe=off tensor_matmul=off
ds4: Metal model views created in 0.637 ms, residency requested in 201.666 ms, warmup 2.193 ms (mapped 27260.56 MiB from offset 10.48 MiB)
ds4: Metal mapped mmaped model as 1 overlapping shared buffers
ds4: metal backend initialized for graph diagnostics
ds4: memory: attention KV 0.06 GiB + recurrent state 0.15 GiB + buffers 0.05 GiB + resident model 26.62 GiB = 26.88 GiB planned
ds4: memory detail: ctx=1024 full_attention_layers=16 gated_deltanet_layers=48 sessions=1 backend=metal
ds4: memory: KV 0.21 GiB (raw 0.06 + compressed 0.15) + buffers 0.05 GiB = 0.26 GiB context
ds4: memory detail: ctx=1024 prefill_cap=64 raw_kv_rows=1024 compressed_kv_rows=1 backend=metal
processing 695 input tokens: 64/695 (9.2%)
processing 695 input tokens: 128/695 (18.4%)
processing 695 input tokens: 192/695 (27.6%)
processing 695 input tokens: 256/695 (36.8%)
processing 695 input tokens: 320/695 (46.0%)
processing 695 input tokens: 384/695 (55.3%)
processing 695 input tokens: 448/695 (64.5%)
processing 695 input tokens: 512/695 (73.7%)
processing 695 input tokens: 576/695 (82.9%)
processing 695 input tokens: 640/695 (92.1%)
processing 695 input tokens: 695/695 (100.0%)
real 7.00
user 0.08
sys 0.28
