ds4: Metal device Apple M4 Pro, 48.00 GiB RAM
ds4: drift-patch flags hc_stable=on norm_unify=on kv_raw_f32=off rope_exp2_log2=off math_safe=off tensor_matmul=off
ds4: Metal model views created in 0.590 ms, residency requested in 172.432 ms, warmup 2.362 ms (mapped 27260.56 MiB from offset 10.48 MiB)
ds4: Metal mapped mmaped model as 1 overlapping shared buffers
ds4: metal backend initialized for graph diagnostics
ds4: memory: attention KV 0.06 GiB + recurrent state 0.15 GiB + buffers 0.64 GiB + resident model 26.62 GiB = 27.47 GiB planned
ds4: memory detail: ctx=1024 full_attention_layers=16 gated_deltanet_layers=48 sessions=1 backend=metal
ds4: memory: KV 0.21 GiB (raw 0.06 + compressed 0.15) + buffers 0.64 GiB = 0.85 GiB context
ds4: memory detail: ctx=1024 prefill_cap=1024 raw_kv_rows=1024 compressed_kv_rows=1 backend=metal
processing 671 input tokens: 671/671 (100.0%)
        5.59 real         0.06 user         0.26 sys
           238026752  maximum resident set size
                   0  average shared memory size
                   0  average unshared data size
                   0  average unshared stack size
               14936  page reclaims
                   2  page faults
                   0  swaps
                   0  block input operations
                   0  block output operations
                   0  messages sent
                   0  messages received
                   0  signals received
                   0  voluntary context switches
                 108  involuntary context switches
          6714307636  instructions retired
          1385659050  cycles elapsed
          1000260472  peak memory footprint
