ds4: Metal device Apple M4 Pro, 48.00 GiB RAM
ds4: drift-patch flags hc_stable=on norm_unify=on kv_raw_f32=off rope_exp2_log2=off math_safe=off tensor_matmul=off
ds4: Metal model views created in 0.638 ms, residency requested in 199.488 ms, warmup 2.682 ms (mapped 27260.56 MiB from offset 10.48 MiB)
ds4: Metal mapped mmaped model as 1 overlapping shared buffers
ds4: metal backend initialized for graph diagnostics
ds4: memory: attention KV 0.06 GiB + recurrent state 0.15 GiB + buffers 0.03 GiB + resident model 26.62 GiB = 26.86 GiB planned
ds4: memory detail: ctx=1024 full_attention_layers=16 gated_deltanet_layers=48 sessions=1 backend=metal
ds4: memory: KV 0.21 GiB (raw 0.06 + compressed 0.15) + buffers 0.03 GiB = 0.23 GiB context
ds4: memory detail: ctx=1024 prefill_cap=32 raw_kv_rows=1024 compressed_kv_rows=1 backend=metal
processing 671 input tokens: 32/671 (4.8%)
processing 671 input tokens: 64/671 (9.5%)
processing 671 input tokens: 96/671 (14.3%)
processing 671 input tokens: 128/671 (19.1%)
processing 671 input tokens: 160/671 (23.8%)
processing 671 input tokens: 192/671 (28.6%)
processing 671 input tokens: 224/671 (33.4%)
processing 671 input tokens: 256/671 (38.2%)
processing 671 input tokens: 288/671 (42.9%)
processing 671 input tokens: 320/671 (47.7%)
processing 671 input tokens: 352/671 (52.5%)
processing 671 input tokens: 384/671 (57.2%)
processing 671 input tokens: 416/671 (62.0%)
processing 671 input tokens: 448/671 (66.8%)
processing 671 input tokens: 480/671 (71.5%)
processing 671 input tokens: 512/671 (76.3%)
processing 671 input tokens: 544/671 (81.1%)
processing 671 input tokens: 576/671 (85.8%)
processing 671 input tokens: 608/671 (90.6%)
processing 671 input tokens: 640/671 (95.4%)
processing 671 input tokens: 671/671 (100.0%)
